// Jest Snapshot v1, https://goo.gl/fbAQLP

exports[`Test in <Buttons/> showed render button next 1`] = `
<button
  className="btn btn-danger col-2 ms-2 mb-5"
  type="button"
>
  Next Page
</button>
`;
